[2026-07-28 11:38:36] INFO | Loaded 1,426 hospitals from Excel.
[2026-07-28 11:38:36] INFO | Loaded 3,017 existing review hashes.
[2026-07-28 11:38:41] INFO | Phase 1 [6/1115]: My Hospital
[2026-07-28 11:38:41] INFO |   HexaHealth search: https://www.hexahealth.com/search?query=My+Hospital
[2026-07-28 11:38:59] INFO |   HexaHealth: 79 /hospitals/ links found on page after SPA load
[2026-07-28 11:38:59] INFO |   HexaHealth: best candidate (score=0): https://www.hexahealth.com/hospitals/insurance/ayushman-bharat
[2026-07-28 11:38:59] INFO |   hexahealth.com URL: https://www.hexahealth.com/hospitals/insurance/ayushman-bharat/reviews
[2026-07-28 11:39:07] INFO |   Parsed 0 reviews from https://www.hexahealth.com/hospitals/insurance/ayushman-bharat/reviews
[2026-07-28 11:39:07] INFO |   hexahealth.com: scraped=0  new_unique=0
[2026-07-28 11:39:09] INFO |   Practo search: https://www.practo.com/search/hospitals?query=My+Hospital
[2026-07-28 11:39:13] INFO |   Practo: 0 /hospital links found on page after SPA load
[2026-07-28 11:39:13] INFO |   Practo: no usable links found after filtering
[2026-07-28 11:39:13] INFO | Phase 1 [7/1115]: Sec 24 Esic Hospital
[2026-07-28 11:39:13] INFO |   HexaHealth search: https://www.hexahealth.com/search?query=Sec+24+Esic+Hospital
[2026-07-28 11:39:16] INFO |   HexaHealth: 79 /hospitals/ links found on page after SPA load
[2026-07-28 11:39:17] INFO |   HexaHealth: best candidate (score=0): https://www.hexahealth.com/hospitals/insurance/ayushman-bharat
[2026-07-28 11:39:17] INFO |   hexahealth.com URL: https://www.hexahealth.com/hospitals/insurance/ayushman-bharat/reviews
[2026-07-28 11:39:25] INFO |   Parsed 0 reviews from https://www.hexahealth.com/hospitals/insurance/ayushman-bharat/reviews
[2026-07-28 11:39:25] INFO |   hexahealth.com: scraped=0  new_unique=0
[2026-07-28 11:39:27] INFO |   Practo search: https://www.practo.com/search/hospitals?query=Sec+24+Esic+Hospital
[2026-07-28 11:39:29] INFO |   Practo: 0 /hospital links found on page after SPA load
[2026-07-28 11:39:29] INFO |   Practo: no usable links found after filtering
[2026-07-28 11:39:30] INFO | Phase 1 [8/1115]: Apollo Hospital
[2026-07-28 11:39:30] INFO |   HexaHealth search: https://www.hexahealth.com/search?query=Apollo+Hospital
[2026-07-28 11:39:33] INFO |   HexaHealth: 79 /hospitals/ links found on page after SPA load
[2026-07-28 11:39:33] INFO |   HexaHealth: best candidate (score=0): https://www.hexahealth.com/hospitals/insurance/ayushman-bharat
[2026-07-28 11:39:33] INFO |   hexahealth.com URL: https://www.hexahealth.com/hospitals/insurance/ayushman-bharat/reviews
[2026-07-28 11:39:41] INFO |   Parsed 0 reviews from https://www.hexahealth.com/hospitals/insurance/ayushman-bharat/reviews
[2026-07-28 11:39:41] INFO |   hexahealth.com: scraped=0  new_unique=0
[2026-07-28 11:39:43] INFO |   Practo search: https://www.practo.com/search/hospitals?query=Apollo+Hospital
