[2026-07-28 18:16:13] INFO | Loaded 1,426 hospitals from Excel.
[2026-07-28 18:16:13] INFO | Loaded 3,017 existing review hashes.
[2026-07-28 18:16:13] INFO | URL cache has 0 cached hospitals.
[2026-07-28 18:16:20] INFO | Phase 1 [49/1115]: 78 A Opposite IHBAS C-Block Near post office, Dilshad Garden, New Delhi, Delhi 110095
[2026-07-28 18:16:20] INFO |   Searching hexahealth.com for: 78 A Opposite IHBAS C-Block Near post office, Dilshad Garden, New Delhi, Delhi 110095
[2026-07-28 18:16:20] INFO |   Google: https://www.google.com/search?q=78+A+Opposite+IHBAS+C-Block+Near+post+office%2C+Dilshad+Garden%2C+New+Delhi%2C+Delhi+110095+reviews+site%3Ahexahealth.com&num=5&hl=en
[2026-07-28 18:16:21] INFO |   Google 429 (rate limited) — waiting 5s before retry 1/3…
[2026-07-28 18:16:26] INFO |   Google 429 (rate limited) — waiting 10s before retry 2/3…
[2026-07-28 18:16:39] INFO |   Google 429 (rate limited) — waiting 15s before retry 3/3…
[2026-07-28 18:16:54] INFO |   Google still 429 after 3 retries — giving up on hexahealth.com.
[2026-07-28 18:16:54] INFO |   Google empty — trying direct site search…
[2026-07-28 18:16:57] INFO |   No URL found on hexahealth.com.
[2026-07-28 18:17:01] INFO |   Searching practo.com for: 78 A Opposite IHBAS C-Block Near post office, Dilshad Garden, New Delhi, Delhi 110095
[2026-07-28 18:17:01] INFO |   Google: https://www.google.com/search?q=78+A+Opposite+IHBAS+C-Block+Near+post+office%2C+Dilshad+Garden%2C+New+Delhi%2C+Delhi+110095+reviews+site%3Apracto.com&num=5&hl=en
[2026-07-28 18:17:02] INFO |   Google 429 (rate limited) — waiting 5s before retry 1/3…
[2026-07-28 18:17:07] INFO |   Google 429 (rate limited) — waiting 10s before retry 2/3…
[2026-07-28 18:17:18] INFO |   Google 429 (rate limited) — waiting 15s before retry 3/3…
[2026-07-28 18:17:33] INFO |   Google still 429 after 3 retries — giving up on practo.com.
[2026-07-28 18:17:33] INFO |   Google empty — trying direct site search…
[2026-07-28 18:17:39] INFO |   No URL found on practo.com.
[2026-07-28 18:17:42] INFO |   Searching justdial.com for: 78 A Opposite IHBAS C-Block Near post office, Dilshad Garden, New Delhi, Delhi 110095
[2026-07-28 18:17:42] INFO |   Google: https://www.google.com/search?q=78+A+Opposite+IHBAS+C-Block+Near+post+office%2C+Dilshad+Garden%2C+New+Delhi%2C+Delhi+110095+reviews+site%3Ajustdial.com&num=5&hl=en
[2026-07-28 18:17:43] INFO |   Google 429 (rate limited) — waiting 5s before retry 1/3…
[2026-07-28 18:17:49] INFO |   Google 429 (rate limited) — waiting 10s before retry 2/3…
[2026-07-28 18:17:59] INFO |   Google 429 (rate limited) — waiting 15s before retry 3/3…
