[2026-07-28 11:29:18] INFO | Loaded 1,426 hospitals from Excel.
[2026-07-28 11:29:18] INFO | Loaded 3,017 existing review hashes.
[2026-07-28 11:29:25] INFO | Phase 1 [1/1115]: Prakash Hospital - Best Hospital in Noida
[2026-07-28 11:29:25] INFO |   HexaHealth search: https://www.hexahealth.com/search?query=Prakash+Hospital+-+Best+Hospital+in+Noida
[2026-07-28 11:29:29] INFO |   HexaHealth candidate: https://www.hexahealth.com/delhi/hospitals/cardiology
[2026-07-28 11:29:29] INFO |   hexahealth.com URL: https://www.hexahealth.com/delhi/hospitals/cardiology/reviews
[2026-07-28 11:29:39] INFO |   hexahealth.com: scraped=0  new_unique=0
[2026-07-28 11:29:40] INFO |   Practo search: https://www.practo.com/search/hospitals?query=Prakash+Hospital+-+Best+Hospital+in+Noida
[2026-07-28 11:29:45] INFO |   JustDial requests search: https://www.justdial.com/search?q=Prakash+Hospital+-+Best+Hospital+in+Noida+hospital&search_type=text
[2026-07-28 11:29:46] INFO |   JustDial candidate: https://www.justdial.com/cms/career-opportunities
[2026-07-28 11:29:46] INFO |   justdial.com URL: https://www.justdial.com/cms/career-opportunities
[2026-07-28 11:29:47] INFO |   justdial.com: scraped=0  new_unique=0
[2026-07-28 11:29:50] INFO | Phase 1 [2/1115]: SR HOSPITAL & MATERNITY CENTRE
[2026-07-28 11:29:50] INFO |   HexaHealth search: https://www.hexahealth.com/search?query=SR+HOSPITAL+%26+MATERNITY+CENTRE
[2026-07-28 11:29:53] INFO |   Practo search: https://www.practo.com/search/hospitals?query=SR+HOSPITAL+%26+MATERNITY+CENTRE
[2026-07-28 11:29:58] INFO |   JustDial requests search: https://www.justdial.com/search?q=SR+HOSPITAL+%26+MATERNITY+CENTRE+hospital&search_type=text
[2026-07-28 11:29:59] INFO |   JustDial candidate: https://www.justdial.com/cms/career-opportunities
[2026-07-28 11:29:59] INFO |   justdial.com URL: https://www.justdial.com/cms/career-opportunities
[2026-07-28 11:30:00] INFO |   justdial.com: scraped=0  new_unique=0
[2026-07-28 11:30:03] INFO | Phase 1 [3/1115]: Yashoda Super Speciality Hospital
[2026-07-28 11:30:03] INFO |   HexaHealth search: https://www.hexahealth.com/search?query=Yashoda+Super+Speciality+Hospital
[2026-07-28 11:30:07] INFO |   HexaHealth candidate: https://www.hexahealth.com/delhi/hospitals/cardiology
[2026-07-28 11:30:07] INFO |   hexahealth.com URL: https://www.hexahealth.com/delhi/hospitals/cardiology/reviews
[2026-07-28 11:30:17] INFO |   hexahealth.com: scraped=0  new_unique=0
[2026-07-28 11:30:18] INFO |   Practo search: https://www.practo.com/search/hospitals?query=Yashoda+Super+Speciality+Hospital
[2026-07-28 11:30:23] INFO |   JustDial requests search: https://www.justdial.com/search?q=Yashoda+Super+Speciality+Hospital+hospital&search_type=text
[2026-07-28 11:30:24] INFO |   JustDial candidate: https://www.justdial.com/cms/career-opportunities
[2026-07-28 11:30:24] INFO |   justdial.com URL: https://www.justdial.com/cms/career-opportunities
[2026-07-28 11:30:25] INFO |   justdial.com: scraped=0  new_unique=0
[2026-07-28 11:30:29] INFO | Phase 1 [4/1115]: Shakuntala Devi Hospital
[2026-07-28 11:30:29] INFO |   HexaHealth search: https://www.hexahealth.com/search?query=Shakuntala+Devi+Hospital
[2026-07-28 11:30:32] INFO |   HexaHealth candidate: https://www.hexahealth.com/delhi/hospitals/cardiology
[2026-07-28 11:30:32] INFO |   hexahealth.com URL: https://www.hexahealth.com/delhi/hospitals/cardiology/reviews
[2026-07-28 11:30:42] INFO |   hexahealth.com: scraped=0  new_unique=0
[2026-07-28 11:30:44] INFO |   Practo search: https://www.practo.com/search/hospitals?query=Shakuntala+Devi+Hospital
[2026-07-28 11:30:49] INFO |   JustDial requests search: https://www.justdial.com/search?q=Shakuntala+Devi+Hospital+hospital&search_type=text
[2026-07-28 11:30:50] INFO |   JustDial candidate: https://www.justdial.com/cms/career-opportunities
[2026-07-28 11:30:50] INFO |   justdial.com URL: https://www.justdial.com/cms/career-opportunities
[2026-07-28 11:30:50] INFO |   justdial.com: scraped=0  new_unique=0
[2026-07-28 11:30:54] INFO | Phase 1 [5/1115]: Vinayak Hospital
[2026-07-28 11:30:54] INFO |   HexaHealth search: https://www.hexahealth.com/search?query=Vinayak+Hospital
[2026-07-28 11:30:57] INFO |   HexaHealth candidate: https://www.hexahealth.com/delhi/hospitals/cardiology
[2026-07-28 11:30:57] INFO |   hexahealth.com URL: https://www.hexahealth.com/delhi/hospitals/cardiology/reviews
[2026-07-28 11:31:07] INFO |   hexahealth.com: scraped=0  new_unique=0
[2026-07-28 11:31:08] INFO |   Practo search: https://www.practo.com/search/hospitals?query=Vinayak+Hospital
[2026-07-28 11:31:13] INFO |   JustDial requests search: https://www.justdial.com/search?q=Vinayak+Hospital+hospital&search_type=text
[2026-07-28 11:31:14] INFO |   JustDial candidate: https://www.justdial.com/cms/career-opportunities
[2026-07-28 11:31:14] INFO |   justdial.com URL: https://www.justdial.com/cms/career-opportunities
[2026-07-28 11:31:15] INFO |   justdial.com: scraped=0  new_unique=0
[2026-07-28 11:31:19] INFO | Phase 1 [6/1115]: My Hospital
[2026-07-28 11:31:19] INFO |   HexaHealth search: https://www.hexahealth.com/search?query=My+Hospital
[2026-07-28 11:31:22] INFO |   HexaHealth candidate: https://www.hexahealth.com/delhi/hospitals/cardiology
[2026-07-28 11:31:22] INFO |   hexahealth.com URL: https://www.hexahealth.com/delhi/hospitals/cardiology/reviews
[2026-07-28 11:31:30] ERROR | Future exception was never retrieved
future: <Future finished exception=TargetClosedError('Target page, context or browser has been closed')>
playwright._impl._errors.TargetClosedError: Target page, context or browser has been closed
