[2026-07-28 20:44:08] INFO | Loaded 1,426 hospitals from Excel.
[2026-07-28 20:44:09] INFO | Loaded 3,017 existing review hashes.
[2026-07-28 20:44:09] INFO | URL cache has 0 cached hospitals.
[2026-07-28 20:44:16] INFO | Phase 1 [50/1115]: G-22/1, Pocket 1, Block G, Dilshad Colony, Delhi, 110095
[2026-07-28 20:44:16] INFO |   Searching hexahealth.com for: G-22/1, Pocket 1, Block G, Dilshad Colony, Delhi, 110095
[2026-07-28 20:44:16] INFO |   Google: https://www.google.com/search?q=G-22%2F1%2C+Pocket+1%2C+Block+G%2C+Dilshad+Colony%2C+Delhi%2C+110095+reviews+site%3Ahexahealth.com&num=5&hl=en
[2026-07-28 20:44:17] INFO |   Google 429 (rate limited) — waiting 5s before retry 1/3…
[2026-07-28 20:44:23] INFO |   Google 429 (rate limited) — waiting 10s before retry 2/3…
[2026-07-28 20:44:34] INFO |   Google 429 (rate limited) — waiting 15s before retry 3/3…
[2026-07-28 20:44:49] INFO |   Google still 429 after 3 retries — giving up on hexahealth.com.
[2026-07-28 20:44:49] INFO |   Google empty — trying direct site search…
[2026-07-28 20:44:55] INFO |   No URL found on hexahealth.com.
[2026-07-28 20:44:57] INFO |   Searching practo.com for: G-22/1, Pocket 1, Block G, Dilshad Colony, Delhi, 110095
[2026-07-28 20:44:57] INFO |   Google: https://www.google.com/search?q=G-22%2F1%2C+Pocket+1%2C+Block+G%2C+Dilshad+Colony%2C+Delhi%2C+110095+reviews+site%3Apracto.com&num=5&hl=en
[2026-07-28 20:44:58] INFO |   Google 429 (rate limited) — waiting 5s before retry 1/3…
[2026-07-28 20:45:04] INFO |   Google 429 (rate limited) — waiting 10s before retry 2/3…
[2026-07-28 20:45:15] INFO |   Google 429 (rate limited) — waiting 15s before retry 3/3…
[2026-07-28 20:45:30] INFO |   Google still 429 after 3 retries — giving up on practo.com.
[2026-07-28 20:45:30] INFO |   Google empty — trying direct site search…
[2026-07-28 20:45:34] INFO |   No URL found on practo.com.
[2026-07-28 20:45:38] INFO |   Searching justdial.com for: G-22/1, Pocket 1, Block G, Dilshad Colony, Delhi, 110095
[2026-07-28 20:45:38] INFO |   Google: https://www.google.com/search?q=G-22%2F1%2C+Pocket+1%2C+Block+G%2C+Dilshad+Colony%2C+Delhi%2C+110095+reviews+site%3Ajustdial.com&num=5&hl=en
[2026-07-28 20:45:38] INFO |   Google 429 (rate limited) — waiting 5s before retry 1/3…
[2026-07-28 20:45:44] INFO |   Google 429 (rate limited) — waiting 10s before retry 2/3…
[2026-07-28 20:45:55] INFO |   Google 429 (rate limited) — waiting 15s before retry 3/3…
[2026-07-28 20:46:10] INFO |   Google still 429 after 3 retries — giving up on justdial.com.
[2026-07-28 20:46:10] INFO |   Google empty — trying direct site search…
[2026-07-28 20:46:10] WARNING |   Direct search error (justdial.com): Page.goto: net::ERR_HTTP2_PROTOCOL_ERROR at https://www.justdial.com/search?q=G-22%2F1%2C+Pocket+1%2C+Block+G%2C+Dilshad+Colony%2C+Delhi%2C+110095+hospital
Call log:
  - navigating to "https://www.justdial.com/search?q=G-22%2F1%2C+Pocket+1%2C+Block+G%2C+Dilshad+Colony%2C+Delhi%2C+110095+hospital", waiting until "domcontentloaded"

[2026-07-28 20:46:10] INFO |   No URL found on justdial.com.
[2026-07-28 20:46:14] INFO |   No review page found for: G-22/1, Pocket 1, Block G, Dilshad Colony, Delhi, 110095
[2026-07-28 20:46:14] INFO |   No URL found for 'G-22/1, Pocket 1, Block G, Dilshad Colony, Delhi, 110095'
[2026-07-28 20:46:15] INFO | Phase 1 [51/1115]: F118/A, Block F, Dilshad Colony, Delhi, 110095
[2026-07-28 20:46:15] INFO |   Searching hexahealth.com for: F118/A, Block F, Dilshad Colony, Delhi, 110095
[2026-07-28 20:46:15] INFO |   Google: https://www.google.com/search?q=F118%2FA%2C+Block+F%2C+Dilshad+Colony%2C+Delhi%2C+110095+reviews+site%3Ahexahealth.com&num=5&hl=en
[2026-07-28 20:46:15] INFO |   Google 429 (rate limited) — waiting 5s before retry 1/3…
[2026-07-28 20:46:21] INFO |   Google 429 (rate limited) — waiting 10s before retry 2/3…
[2026-07-28 20:46:32] INFO |   Google 429 (rate limited) — waiting 15s before retry 3/3…
[2026-07-28 20:46:47] INFO |   Google still 429 after 3 retries — giving up on hexahealth.com.
[2026-07-28 20:46:47] INFO |   Google empty — trying direct site search…
[2026-07-28 20:46:51] INFO |   No URL found on hexahealth.com.
[2026-07-28 20:46:54] INFO |   Searching practo.com for: F118/A, Block F, Dilshad Colony, Delhi, 110095
[2026-07-28 20:46:54] INFO |   Google: https://www.google.com/search?q=F118%2FA%2C+Block+F%2C+Dilshad+Colony%2C+Delhi%2C+110095+reviews+site%3Apracto.com&num=5&hl=en
[2026-07-28 20:46:55] INFO |   Google 429 (rate limited) — waiting 5s before retry 1/3…
[2026-07-28 20:47:00] INFO |   Google 429 (rate limited) — waiting 10s before retry 2/3…
[2026-07-28 20:47:11] INFO |   Google 429 (rate limited) — waiting 15s before retry 3/3…
[2026-07-28 20:47:26] INFO |   Google still 429 after 3 retries — giving up on practo.com.
[2026-07-28 20:47:26] INFO |   Google empty — trying direct site search…
[2026-07-28 20:47:29] INFO |   No URL found on practo.com.
[2026-07-28 20:47:33] INFO |   Searching justdial.com for: F118/A, Block F, Dilshad Colony, Delhi, 110095
[2026-07-28 20:47:33] INFO |   Google: https://www.google.com/search?q=F118%2FA%2C+Block+F%2C+Dilshad+Colony%2C+Delhi%2C+110095+reviews+site%3Ajustdial.com&num=5&hl=en
[2026-07-28 20:47:33] INFO |   Google 429 (rate limited) — waiting 5s before retry 1/3…
[2026-07-28 20:47:39] INFO |   Google 429 (rate limited) — waiting 10s before retry 2/3…
[2026-07-28 20:47:49] INFO |   Google 429 (rate limited) — waiting 15s before retry 3/3…
[2026-07-28 20:48:04] INFO |   Google still 429 after 3 retries — giving up on justdial.com.
[2026-07-28 20:48:04] INFO |   Google empty — trying direct site search…
[2026-07-28 20:48:04] WARNING |   Direct search error (justdial.com): Page.goto: net::ERR_HTTP2_PROTOCOL_ERROR at https://www.justdial.com/search?q=F118%2FA%2C+Block+F%2C+Dilshad+Colony%2C+Delhi%2C+110095+hospital
Call log:
  - navigating to "https://www.justdial.com/search?q=F118%2FA%2C+Block+F%2C+Dilshad+Colony%2C+Delhi%2C+110095+hospital", waiting until "domcontentloaded"

[2026-07-28 20:48:04] INFO |   No URL found on justdial.com.
[2026-07-28 20:48:08] INFO |   No review page found for: F118/A, Block F, Dilshad Colony, Delhi, 110095
[2026-07-28 20:48:08] INFO |   No URL found for 'F118/A, Block F, Dilshad Colony, Delhi, 110095'
[2026-07-28 20:48:09] INFO | Phase 1 [52/1115]: Prakash Medical Centre
[2026-07-28 20:48:09] INFO |   Searching hexahealth.com for: Prakash Medical Centre
[2026-07-28 20:48:09] INFO |   Google: https://www.google.com/search?q=Prakash+Medical+Centre+reviews+site%3Ahexahealth.com&num=5&hl=en
[2026-07-28 20:48:09] INFO |   Google 429 (rate limited) — waiting 5s before retry 1/3…
[2026-07-28 20:48:15] INFO |   Google 429 (rate limited) — waiting 10s before retry 2/3…
[2026-07-28 20:48:26] INFO |   Google 429 (rate limited) — waiting 15s before retry 3/3…
[2026-07-28 20:48:41] INFO |   Google still 429 after 3 retries — giving up on hexahealth.com.
[2026-07-28 20:48:41] INFO |   Google empty — trying direct site search…
[2026-07-28 20:48:45] INFO |   No URL found on hexahealth.com.
[2026-07-28 20:48:48] INFO |   Searching practo.com for: Prakash Medical Centre
[2026-07-28 20:48:48] INFO |   Google: https://www.google.com/search?q=Prakash+Medical+Centre+reviews+site%3Apracto.com&num=5&hl=en
[2026-07-28 20:48:49] INFO |   Google 429 (rate limited) — waiting 5s before retry 1/3…
[2026-07-28 20:48:54] INFO |   Google 429 (rate limited) — waiting 10s before retry 2/3…
[2026-07-28 20:49:05] INFO |   Google 429 (rate limited) — waiting 15s before retry 3/3…
[2026-07-28 20:49:20] INFO |   Google still 429 after 3 retries — giving up on practo.com.
[2026-07-28 20:49:20] INFO |   Google empty — trying direct site search…
[2026-07-28 20:49:24] INFO |   No URL found on practo.com.
[2026-07-28 20:49:27] INFO |   Searching justdial.com for: Prakash Medical Centre
[2026-07-28 20:49:27] INFO |   Google: https://www.google.com/search?q=Prakash+Medical+Centre+reviews+site%3Ajustdial.com&num=5&hl=en
[2026-07-28 20:49:27] INFO |   Google 429 (rate limited) — waiting 5s before retry 1/3…
[2026-07-28 20:49:33] INFO |   Google 429 (rate limited) — waiting 10s before retry 2/3…
[2026-07-28 20:49:44] INFO |   Google 429 (rate limited) — waiting 15s before retry 3/3…
